// Jest Snapshot v1, https://goo.gl/fbAQLP

exports[`test ReactComp renders ReactCompe button 1`] = `
<div>
  <button
    onClick={[Function]}
  >
    fku
  </button>
</div>
`;
